C:\Documents and Settings\new\桌面\mysniffer\mysnifferDoc.h|C:\Documents and Settings\new\桌面\mysniffer\Restore.1\~mysnifferDoc.~h
C:\Documents and Settings\new\桌面\mysniffer\MainFrm.h|C:\Documents and Settings\new\桌面\mysniffer\Restore.1\~MainFrm.~h
C:\Documents and Settings\new\桌面\mysniffer\mysniffer.cpp|C:\Documents and Settings\new\桌面\mysniffer\Restore.1\~mysniffer.~cpp
C:\Documents and Settings\new\桌面\mysniffer\MyProPage.h|C:\Documents and Settings\new\桌面\mysniffer\Restore.1\~MyProPage.~h
C:\Documents and Settings\new\桌面\mysniffer\mysnifferView.h|C:\Documents and Settings\new\桌面\mysniffer\Restore.1\~mysnifferView.~h
C:\Documents and Settings\new\桌面\mysniffer\MyOwnView.h|C:\Documents and Settings\new\桌面\mysniffer\Restore.1\~MyOwnView.~h
C:\Documents and Settings\new\桌面\mysniffer\hexedit.h|C:\Documents and Settings\new\桌面\mysniffer\Restore.1\~hexedit.~h
C:\Documents and Settings\new\桌面\mysniffer\DlgStat.h|C:\Documents and Settings\new\桌面\mysniffer\Restore.1\~DlgStat.~h
C:\Documents and Settings\new\桌面\mysniffer\mysniffer.h|C:\Documents and Settings\new\桌面\mysniffer\Restore.1\~mysniffer.~h
